../Middlewares/Third_Party/FreeRTOS/Source/tasks.c:850:13:xTaskCreate	56	static
../Middlewares/Third_Party/FreeRTOS/Source/tasks.c:1052:13:xPeriodicTaskEDFVDCreate	56	static
../Middlewares/Third_Party/FreeRTOS/Source/tasks.c:1165:13:prvInitialiseNewTask	40	static,ignoring_inline_asm
../Middlewares/Third_Party/FreeRTOS/Source/tasks.c:1418:13:prvAddNewTaskToReadyList	16	static
../Middlewares/Third_Party/FreeRTOS/Source/tasks.c:1503:7:vTaskDelete	24	static,ignoring_inline_asm
../Middlewares/Third_Party/FreeRTOS/Source/tasks.c:1598:7:vTaskDelayUntil	56	static,ignoring_inline_asm
../Middlewares/Third_Party/FreeRTOS/Source/tasks.c:1709:7:vTaskDelay	24	static,ignoring_inline_asm
../Middlewares/Third_Party/FreeRTOS/Source/tasks.c:1754:13:eTaskGetState	40	static,ignoring_inline_asm
../Middlewares/Third_Party/FreeRTOS/Source/tasks.c:1846:14:uxTaskPriorityGet	24	static
../Middlewares/Third_Party/FreeRTOS/Source/tasks.c:1868:14:uxTaskPriorityGetFromISR	40	static,ignoring_inline_asm
../Middlewares/Third_Party/FreeRTOS/Source/tasks.c:1908:7:vTaskPrioritySet	40	static,ignoring_inline_asm
../Middlewares/Third_Party/FreeRTOS/Source/tasks.c:2072:7:vTaskSuspend	24	static,ignoring_inline_asm
../Middlewares/Third_Party/FreeRTOS/Source/tasks.c:2173:20:prvTaskIsTaskSuspended	32	static,ignoring_inline_asm
../Middlewares/Third_Party/FreeRTOS/Source/tasks.c:2219:7:vTaskResume	24	static,ignoring_inline_asm
../Middlewares/Third_Party/FreeRTOS/Source/tasks.c:2273:13:xTaskResumeFromISR	48	static,ignoring_inline_asm
../Middlewares/Third_Party/FreeRTOS/Source/tasks.c:2343:6:vTaskStartScheduler	40	static,ignoring_inline_asm
../Middlewares/Third_Party/FreeRTOS/Source/tasks.c:2491:6:vTaskEndScheduler	16	static,ignoring_inline_asm
../Middlewares/Third_Party/FreeRTOS/Source/tasks.c:2502:6:vTaskSuspendAll	4	static,ignoring_inline_asm
../Middlewares/Third_Party/FreeRTOS/Source/tasks.c:2586:12:xTaskResumeAll	24	static,ignoring_inline_asm
../Middlewares/Third_Party/FreeRTOS/Source/tasks.c:2696:12:xTaskGetTickCount	16	static
../Middlewares/Third_Party/FreeRTOS/Source/tasks.c:2711:12:xTaskGetTickCountFromISR	16	static
../Middlewares/Third_Party/FreeRTOS/Source/tasks.c:2742:13:uxTaskGetNumberOfTasks	4	static
../Middlewares/Third_Party/FreeRTOS/Source/tasks.c:2750:7:pcTaskGetName	24	static,ignoring_inline_asm
../Middlewares/Third_Party/FreeRTOS/Source/tasks.c:2897:14:uxTaskGetSystemState	32	static
../Middlewares/Third_Party/FreeRTOS/Source/tasks.c:3001:12:xTaskCatchUpTicks	24	static,ignoring_inline_asm
../Middlewares/Third_Party/FreeRTOS/Source/tasks.c:3099:12:xTaskIncrementTick	32	static,ignoring_inline_asm
../Middlewares/Third_Party/FreeRTOS/Source/tasks.c:3381:6:vTaskSwitchContext	4	static
../Middlewares/Third_Party/FreeRTOS/Source/tasks.c:3491:6:vTaskPlaceOnEventList	24	static,ignoring_inline_asm
../Middlewares/Third_Party/FreeRTOS/Source/tasks.c:3508:6:vTaskPlaceOnUnorderedEventList	32	static,ignoring_inline_asm
../Middlewares/Third_Party/FreeRTOS/Source/tasks.c:3534:7:vTaskPlaceOnEventListRestricted	32	static,ignoring_inline_asm
../Middlewares/Third_Party/FreeRTOS/Source/tasks.c:3565:12:xTaskRemoveFromEventList	32	static,ignoring_inline_asm
../Middlewares/Third_Party/FreeRTOS/Source/tasks.c:3633:6:vTaskRemoveFromUnorderedEventList	32	static,ignoring_inline_asm
../Middlewares/Third_Party/FreeRTOS/Source/tasks.c:3681:6:vTaskSetTimeOutState	24	static,ignoring_inline_asm
../Middlewares/Third_Party/FreeRTOS/Source/tasks.c:3693:6:vTaskInternalSetTimeOutState	16	static
../Middlewares/Third_Party/FreeRTOS/Source/tasks.c:3701:12:xTaskCheckForTimeOut	40	static,ignoring_inline_asm
../Middlewares/Third_Party/FreeRTOS/Source/tasks.c:3764:6:vTaskMissedYield	4	static
../Middlewares/Third_Party/FreeRTOS/Source/tasks.c:3772:14:uxTaskGetTaskNumber	24	static
../Middlewares/Third_Party/FreeRTOS/Source/tasks.c:3795:7:vTaskSetTaskNumber	24	static
../Middlewares/Third_Party/FreeRTOS/Source/tasks.c:3819:8:prvIdleTask	16	static,ignoring_inline_asm
../Middlewares/Third_Party/FreeRTOS/Source/tasks.c:4034:13:prvInitialiseTaskLists	16	static
../Middlewares/Third_Party/FreeRTOS/Source/tasks.c:4082:13:prvCheckTasksWaitingTermination	16	static
../Middlewares/Third_Party/FreeRTOS/Source/tasks.c:4113:7:vTaskGetInfo	32	static
../Middlewares/Third_Party/FreeRTOS/Source/tasks.c:4209:21:prvListTasksWithinSingleList	48	static
../Middlewares/Third_Party/FreeRTOS/Source/tasks.c:4242:32:prvTaskCheckFreeStackSpace	24	static
../Middlewares/Third_Party/FreeRTOS/Source/tasks.c:4302:14:uxTaskGetStackHighWaterMark	32	static
../Middlewares/Third_Party/FreeRTOS/Source/tasks.c:4330:14:prvDeleteTCB	16	static
../Middlewares/Third_Party/FreeRTOS/Source/tasks.c:4386:13:prvResetNextTaskUnblockTime	16	static
../Middlewares/Third_Party/FreeRTOS/Source/tasks.c:4412:15:xTaskGetCurrentTaskHandle	16	static
../Middlewares/Third_Party/FreeRTOS/Source/tasks.c:4429:13:xTaskGetSchedulerState	16	static
../Middlewares/Third_Party/FreeRTOS/Source/tasks.c:4457:13:xTaskPriorityInherit	24	static
../Middlewares/Third_Party/FreeRTOS/Source/tasks.c:4547:13:xTaskPriorityDisinherit	32	static,ignoring_inline_asm
../Middlewares/Third_Party/FreeRTOS/Source/tasks.c:4627:7:vTaskPriorityDisinheritAfterTimeout	40	static,ignoring_inline_asm
../Middlewares/Third_Party/FreeRTOS/Source/tasks.c:5045:12:uxTaskResetEventItemValue	16	static
../Middlewares/Third_Party/FreeRTOS/Source/tasks.c:5061:15:pvTaskIncrementMutexHeldCount	4	static
../Middlewares/Third_Party/FreeRTOS/Source/tasks.c:5078:11:ulTaskNotifyTake	24	static,ignoring_inline_asm
../Middlewares/Third_Party/FreeRTOS/Source/tasks.c:5146:13:xTaskNotifyWait	32	static,ignoring_inline_asm
../Middlewares/Third_Party/FreeRTOS/Source/tasks.c:5226:13:xTaskGenericNotify	48	static,ignoring_inline_asm
../Middlewares/Third_Party/FreeRTOS/Source/tasks.c:5340:13:xTaskGenericNotifyFromISR	64	static,ignoring_inline_asm
../Middlewares/Third_Party/FreeRTOS/Source/tasks.c:5469:7:vTaskNotifyGiveFromISR	48	static,ignoring_inline_asm
../Middlewares/Third_Party/FreeRTOS/Source/tasks.c:5555:13:xTaskNotifyStateClear	24	static
../Middlewares/Third_Party/FreeRTOS/Source/tasks.c:5586:11:ulTaskNotifyValueClear	24	static
../Middlewares/Third_Party/FreeRTOS/Source/tasks.c:5620:13:prvAddCurrentTaskToDelayedList	24	static
../Middlewares/Third_Party/FreeRTOS/Source/tasks.c:5754:6:vApplicationTickHook	8	static
../Middlewares/Third_Party/FreeRTOS/Source/tasks.c:5795:7:prvCalculateUtilizationsEDFVD	40	static
../Middlewares/Third_Party/FreeRTOS/Source/tasks.c:5834:7:prvOrderEDFVDReadyList	40	static
../Middlewares/Third_Party/FreeRTOS/Source/tasks.c:5871:7:prvListRemoveByCriticality	32	static
