../Middlewares/Third_Party/FreeRTOS/Source/timers.c:234:12:xTimerCreateTimerTask	24	static,ignoring_inline_asm
../Middlewares/Third_Party/FreeRTOS/Source/timers.c:289:16:xTimerCreate	40	static
../Middlewares/Third_Party/FreeRTOS/Source/timers.c:356:13:prvInitialiseNewTimer	32	static,ignoring_inline_asm
../Middlewares/Third_Party/FreeRTOS/Source/timers.c:388:12:xTimerGenericCommand	48	static,ignoring_inline_asm
../Middlewares/Third_Party/FreeRTOS/Source/timers.c:431:14:xTimerGetTimerDaemonTaskHandle	16	static,ignoring_inline_asm
../Middlewares/Third_Party/FreeRTOS/Source/timers.c:440:12:xTimerGetPeriod	24	static,ignoring_inline_asm
../Middlewares/Third_Party/FreeRTOS/Source/timers.c:449:6:vTimerSetReloadMode	24	static,ignoring_inline_asm
../Middlewares/Third_Party/FreeRTOS/Source/timers.c:469:13:uxTimerGetReloadMode	32	static,ignoring_inline_asm
../Middlewares/Third_Party/FreeRTOS/Source/timers.c:494:12:xTimerGetExpiryTime	32	static,ignoring_inline_asm
../Middlewares/Third_Party/FreeRTOS/Source/timers.c:505:14:pcTimerGetName	24	static,ignoring_inline_asm
../Middlewares/Third_Party/FreeRTOS/Source/timers.c:514:13:prvProcessExpiredTimer	40	static,ignoring_inline_asm
../Middlewares/Third_Party/FreeRTOS/Source/timers.c:555:8:prvTimerTask	24	static
../Middlewares/Third_Party/FreeRTOS/Source/timers.c:591:13:prvProcessTimerOrBlockTask	24	static,ignoring_inline_asm
../Middlewares/Third_Party/FreeRTOS/Source/timers.c:651:19:prvGetNextExpireTime	24	static
../Middlewares/Third_Party/FreeRTOS/Source/timers.c:677:19:prvSampleTimeNow	24	static
../Middlewares/Third_Party/FreeRTOS/Source/timers.c:700:19:prvInsertTimerInActiveList	32	static
../Middlewares/Third_Party/FreeRTOS/Source/timers.c:741:13:prvProcessReceivedCommands	64	static,ignoring_inline_asm
../Middlewares/Third_Party/FreeRTOS/Source/timers.c:889:13:prvSwitchTimerLists	40	static,ignoring_inline_asm
../Middlewares/Third_Party/FreeRTOS/Source/timers.c:948:13:prvCheckForValidListAndQueue	8	static
../Middlewares/Third_Party/FreeRTOS/Source/timers.c:999:12:xTimerIsTimerActive	32	static,ignoring_inline_asm
../Middlewares/Third_Party/FreeRTOS/Source/timers.c:1024:7:pvTimerGetTimerID	32	static,ignoring_inline_asm
../Middlewares/Third_Party/FreeRTOS/Source/timers.c:1041:6:vTimerSetTimerID	24	static,ignoring_inline_asm
../Middlewares/Third_Party/FreeRTOS/Source/timers.c:1057:13:xTimerPendFunctionCallFromISR	48	static
../Middlewares/Third_Party/FreeRTOS/Source/timers.c:1081:13:xTimerPendFunctionCall	48	static,ignoring_inline_asm
../Middlewares/Third_Party/FreeRTOS/Source/timers.c:1110:14:uxTimerGetTimerNumber	16	static
../Middlewares/Third_Party/FreeRTOS/Source/timers.c:1120:7:vTimerSetTimerNumber	16	static
