../Middlewares/Third_Party/FreeRTOS/Source/tasks.c:832:13:xTaskCreate	56	static
../Middlewares/Third_Party/FreeRTOS/Source/tasks.c:1049:13:xPeriodicTaskEDFVDCreate	56	static
../Middlewares/Third_Party/FreeRTOS/Source/tasks.c:1178:13:prvInitialiseNewTask	40	static,ignoring_inline_asm
../Middlewares/Third_Party/FreeRTOS/Source/tasks.c:1431:13:prvAddNewTaskToReadyList	16	static
../Middlewares/Third_Party/FreeRTOS/Source/tasks.c:1516:7:vTaskDelete	24	static,ignoring_inline_asm
../Middlewares/Third_Party/FreeRTOS/Source/tasks.c:1611:7:vTaskDelayUntil	56	static,ignoring_inline_asm
../Middlewares/Third_Party/FreeRTOS/Source/tasks.c:1722:7:vTaskDelay	24	static,ignoring_inline_asm
../Middlewares/Third_Party/FreeRTOS/Source/tasks.c:1767:13:eTaskGetState	40	static,ignoring_inline_asm
../Middlewares/Third_Party/FreeRTOS/Source/tasks.c:1859:14:uxTaskPriorityGet	24	static
../Middlewares/Third_Party/FreeRTOS/Source/tasks.c:1881:14:uxTaskPriorityGetFromISR	40	static,ignoring_inline_asm
../Middlewares/Third_Party/FreeRTOS/Source/tasks.c:1921:7:vTaskPrioritySet	40	static,ignoring_inline_asm
../Middlewares/Third_Party/FreeRTOS/Source/tasks.c:2085:7:vTaskSuspend	24	static,ignoring_inline_asm
../Middlewares/Third_Party/FreeRTOS/Source/tasks.c:2186:20:prvTaskIsTaskSuspended	32	static,ignoring_inline_asm
../Middlewares/Third_Party/FreeRTOS/Source/tasks.c:2232:7:vTaskResume	24	static,ignoring_inline_asm
../Middlewares/Third_Party/FreeRTOS/Source/tasks.c:2286:13:xTaskResumeFromISR	48	static,ignoring_inline_asm
../Middlewares/Third_Party/FreeRTOS/Source/tasks.c:2356:6:vTaskStartScheduler	72	static,ignoring_inline_asm
../Middlewares/Third_Party/FreeRTOS/Source/tasks.c:2550:6:vTaskEndScheduler	16	static,ignoring_inline_asm
../Middlewares/Third_Party/FreeRTOS/Source/tasks.c:2561:6:vTaskSuspendAll	4	static,ignoring_inline_asm
../Middlewares/Third_Party/FreeRTOS/Source/tasks.c:2645:12:xTaskResumeAll	24	static,ignoring_inline_asm
../Middlewares/Third_Party/FreeRTOS/Source/tasks.c:2755:12:xTaskGetTickCount	16	static
../Middlewares/Third_Party/FreeRTOS/Source/tasks.c:2770:12:xTaskGetTickCountFromISR	16	static
../Middlewares/Third_Party/FreeRTOS/Source/tasks.c:2801:13:uxTaskGetNumberOfTasks	4	static
../Middlewares/Third_Party/FreeRTOS/Source/tasks.c:2809:7:pcTaskGetName	24	static,ignoring_inline_asm
../Middlewares/Third_Party/FreeRTOS/Source/tasks.c:2956:14:uxTaskGetSystemState	32	static
../Middlewares/Third_Party/FreeRTOS/Source/tasks.c:3060:12:xTaskCatchUpTicks	24	static,ignoring_inline_asm
../Middlewares/Third_Party/FreeRTOS/Source/tasks.c:3158:12:xTaskIncrementTick	32	static,ignoring_inline_asm
../Middlewares/Third_Party/FreeRTOS/Source/tasks.c:3440:6:vTaskSwitchContext	4	static
../Middlewares/Third_Party/FreeRTOS/Source/tasks.c:3536:6:vTaskPlaceOnEventList	24	static,ignoring_inline_asm
../Middlewares/Third_Party/FreeRTOS/Source/tasks.c:3553:6:vTaskPlaceOnUnorderedEventList	32	static,ignoring_inline_asm
../Middlewares/Third_Party/FreeRTOS/Source/tasks.c:3579:7:vTaskPlaceOnEventListRestricted	32	static,ignoring_inline_asm
../Middlewares/Third_Party/FreeRTOS/Source/tasks.c:3610:12:xTaskRemoveFromEventList	32	static,ignoring_inline_asm
../Middlewares/Third_Party/FreeRTOS/Source/tasks.c:3678:6:vTaskRemoveFromUnorderedEventList	32	static,ignoring_inline_asm
../Middlewares/Third_Party/FreeRTOS/Source/tasks.c:3726:6:vTaskSetTimeOutState	24	static,ignoring_inline_asm
../Middlewares/Third_Party/FreeRTOS/Source/tasks.c:3738:6:vTaskInternalSetTimeOutState	16	static
../Middlewares/Third_Party/FreeRTOS/Source/tasks.c:3746:12:xTaskCheckForTimeOut	40	static,ignoring_inline_asm
../Middlewares/Third_Party/FreeRTOS/Source/tasks.c:3809:6:vTaskMissedYield	4	static
../Middlewares/Third_Party/FreeRTOS/Source/tasks.c:3817:14:uxTaskGetTaskNumber	24	static
../Middlewares/Third_Party/FreeRTOS/Source/tasks.c:3840:7:vTaskSetTaskNumber	24	static
../Middlewares/Third_Party/FreeRTOS/Source/tasks.c:3864:8:prvIdleTask	16	static,ignoring_inline_asm
../Middlewares/Third_Party/FreeRTOS/Source/tasks.c:4079:13:prvInitialiseTaskLists	16	static
../Middlewares/Third_Party/FreeRTOS/Source/tasks.c:4127:13:prvCheckTasksWaitingTermination	16	static
../Middlewares/Third_Party/FreeRTOS/Source/tasks.c:4158:7:vTaskGetInfo	32	static
../Middlewares/Third_Party/FreeRTOS/Source/tasks.c:4254:21:prvListTasksWithinSingleList	48	static
../Middlewares/Third_Party/FreeRTOS/Source/tasks.c:4287:32:prvTaskCheckFreeStackSpace	24	static
../Middlewares/Third_Party/FreeRTOS/Source/tasks.c:4347:14:uxTaskGetStackHighWaterMark	32	static
../Middlewares/Third_Party/FreeRTOS/Source/tasks.c:4375:14:prvDeleteTCB	16	static
../Middlewares/Third_Party/FreeRTOS/Source/tasks.c:4431:13:prvResetNextTaskUnblockTime	16	static
../Middlewares/Third_Party/FreeRTOS/Source/tasks.c:4457:15:xTaskGetCurrentTaskHandle	16	static
../Middlewares/Third_Party/FreeRTOS/Source/tasks.c:4474:13:xTaskGetSchedulerState	16	static
../Middlewares/Third_Party/FreeRTOS/Source/tasks.c:4502:13:xTaskPriorityInherit	24	static
../Middlewares/Third_Party/FreeRTOS/Source/tasks.c:4592:13:xTaskPriorityDisinherit	32	static,ignoring_inline_asm
../Middlewares/Third_Party/FreeRTOS/Source/tasks.c:4672:7:vTaskPriorityDisinheritAfterTimeout	40	static,ignoring_inline_asm
../Middlewares/Third_Party/FreeRTOS/Source/tasks.c:5090:12:uxTaskResetEventItemValue	16	static
../Middlewares/Third_Party/FreeRTOS/Source/tasks.c:5106:15:pvTaskIncrementMutexHeldCount	4	static
../Middlewares/Third_Party/FreeRTOS/Source/tasks.c:5123:11:ulTaskNotifyTake	24	static,ignoring_inline_asm
../Middlewares/Third_Party/FreeRTOS/Source/tasks.c:5191:13:xTaskNotifyWait	32	static,ignoring_inline_asm
../Middlewares/Third_Party/FreeRTOS/Source/tasks.c:5271:13:xTaskGenericNotify	48	static,ignoring_inline_asm
../Middlewares/Third_Party/FreeRTOS/Source/tasks.c:5385:13:xTaskGenericNotifyFromISR	64	static,ignoring_inline_asm
../Middlewares/Third_Party/FreeRTOS/Source/tasks.c:5514:7:vTaskNotifyGiveFromISR	48	static,ignoring_inline_asm
../Middlewares/Third_Party/FreeRTOS/Source/tasks.c:5600:13:xTaskNotifyStateClear	24	static
../Middlewares/Third_Party/FreeRTOS/Source/tasks.c:5631:11:ulTaskNotifyValueClear	24	static
../Middlewares/Third_Party/FreeRTOS/Source/tasks.c:5665:13:prvAddCurrentTaskToDelayedList	24	static
../Middlewares/Third_Party/FreeRTOS/Source/tasks.c:5800:6:vApplicationTickHook	8	static
../Middlewares/Third_Party/FreeRTOS/Source/tasks.c:5841:7:prvCalculateUtilizationsEDFVD	40	static
../Middlewares/Third_Party/FreeRTOS/Source/tasks.c:5886:7:prvOrderEDFVDReadyList	40	static
../Middlewares/Third_Party/FreeRTOS/Source/tasks.c:5923:7:prvListRemoveByCriticality	32	static
